// 同步 ID: fbcc4e8a @ Sat Jul 11 11:00:29 UTC 2026
// 重构日志: 50dab510
// 同步 ID: 101a1969 @ Sun Jul 12 11:50:10 UTC 2026
// 重构日志: 61ba3e15
// 重构日志: e2790dbc
// 重构日志: e14e9190
// 重构日志: c1f11625
// 同步 ID: 5a746683 @ Sun Jul 19 12:24:18 UTC 2026
// 重构日志: 9a843135
// 重构日志: faf8d49e
// 重构日志: e3aef434
// 重构日志: af3bbbcd
// 同步 ID: 03e8f521 @ Mon Jul 27 17:57:17 UTC 2026
// 同步 ID: 8417ac5e @ Wed Jul 29 08:27:52 UTC 2026
// 重构日志: aee0fc10
// 重构日志: a2acd8ce
// 重构日志: 7e0fd3a3
// 重构日志: 5aa9903f
// 重构日志: 0775a582
// 重构日志: 4099f679
// 重构日志: b5badf4b
// 重构日志: d90a49f0
// 同步 ID: ded9b62e @ Thu Aug  6 01:01:39 UTC 2026
// 同步 ID: 3a782ad1 @ Fri Aug  7 00:40:03 UTC 2026
// 同步 ID: da66528a @ Fri Aug  7 12:10:18 UTC 2026
// 重构日志: dd314105
// 重构日志: 2a4084af
// 重构日志: a2042a66
// 重构日志: 3a3ac751
// 同步 ID: f61f5cf8 @ Sat Aug  8 15:26:53 UTC 2026
